Files in current dir: 56
  .claude
  .git
  .github
  .gitignore
  49_dynamic_dispatch.obj
  50_generic_option.obj
  51_dyn_dispatch.obj
  ARCHITECTURE.md
  build_test.bat
  CHANGELOG.md
  claude-mastery-project.conf
  compiler
  ct_fin.obj
  demos
  DESIGN.md
  docs
  editors
  examples
  final.obj
  final_hello.obj
  future
  LICENSE
  msvc_test.bat
  quantalang
  README.md
  registry
  ROADMAP.md
  ROADMAP_2026_2027.md
  ROADMAP_2027_2028.md
  ROADMAP_GRAPHICS.md
  ROADMAP_VISION.md
  runtime
  self_hosted_compiler.obj
  self_hosted_compiler_v2.obj
  self_hosted_compiler_v3.obj
  self_hosted_compiler_v4.obj
  self_hosted_compiler_v5.obj
  self_hosted_compiler_v6.obj
  self_hosted_compiler_v7.obj
  self_hosted_compiler_v8.obj
  self_hosted_compiler_v9.obj
  SELF_HOSTING_PROGRESS.md
  SPECIFICATION.md
  src
  STATUS.md
  stdlib
  temp.obj
  tests
  test_manual.obj
  test_msvc_all.bat
  test_real_borrows.obj
  TEST_RESULTS.md
  test_v.obj
  vc140.pdb
  volumetric_fog.obj
  win32.obj
