abs(-42) = 42
min(3, 7) = 3
max(3, 7) = 7
clamp(150, 0, 100) = 100
clamp(-5, 0, 100) = 0
clamp(50, 0, 100) = 50
is_even(42) = true
is_odd(7) = true
is_positive(10) = true
is_negative(-3) = true
is_zero(0) = true
gcd(12, 8) = 4
gcd(-18, 24) = 6
lcm(4, 6) = 12
factorial(5) = 120
fibonacci(10) = 55
power(2, 10) = 1024
