[GFX] Initializing 800x600 window: QuantaLang Triangle
[GFX] Vulkan instance created
[GFX] Physical device selected
[GFX] Logical device created
[GFX] Swapchain created (800x600)
[GFX] Begin frame 1
[GFX] Clear (0.1, 0.1, 0.2, 1.0)
[GFX] Draw 3 vertices
[GFX] End frame 1
[GFX] Begin frame 2
[GFX] Clear (0.1, 0.1, 0.2, 1.0)
[GFX] Draw 3 vertices
[GFX] End frame 2
[GFX] Begin frame 3
[GFX] Clear (0.1, 0.1, 0.2, 1.0)
[GFX] Draw 3 vertices
[GFX] End frame 3
[GFX] Shutdown complete (3 frames rendered)